// Jest Snapshot v1, https://goo.gl/fbAQLP

exports[`snapshot when grouped 1`] = `
<a
  className="btn btn-primary"
  href="/?group=true"
  role="button"
  title="Click to group results by environment"
>
  Group
</a>
`;

exports[`snapshot when not grouped 1`] = `
<a
  className="btn btn-primary"
  href="/?group=true"
  role="button"
  title="Click to group results by environment"
>
  Group
</a>
`;
