// Jest Snapshot v1, https://goo.gl/fbAQLP

exports[`snapshot 1`] = `
<a
  className="btn btn-primary"
  href="/list"
  role="button"
  title="View results as list"
>
  List
</a>
`;
