// Jest Snapshot v1, https://goo.gl/fbAQLP

exports[`matches the previous snapshot 1`] = `
<div>
  <div
    className="container"
  >
    <div
      className="row"
    />
  </div>
</div>
`;
