// Jest Snapshot v1, https://goo.gl/fbAQLP

exports[`matches the previous snapshot 1`] = `
<div
  className="container"
>
  <div
    className="row"
  >
    <div
      className="col-4"
    >
      <h3
        className="text-center"
      >
        suite-name
      </h3>
      <div
        className="ct-chart"
        id="chart1"
      />
      <p
        className="text-center chart-label"
      />
      <p
        className="text-center text-muted"
      >
        <small>
          2 months ago
        </small>
      </p>
    </div>
    <div
      className="col-4"
    >
      <h3
        className="text-center"
      >
        suite-name 2
      </h3>
      <div
        className="ct-chart"
        id="chart2"
      />
      <p
        className="text-center chart-label"
      />
      <p
        className="text-center text-muted"
      >
        <small>
          in a year
        </small>
      </p>
    </div>
  </div>
</div>
`;
