// Jest Snapshot v1, https://goo.gl/fbAQLP

exports[`matches the previous snapshot 1`] = `
<div
  className="col-4"
>
  <h3
    className="text-center"
  >
    suite-name
  </h3>
  <div
    className="ct-chart"
    id="chart123456789"
  />
  <p
    className="text-center"
  >
    Total: 
    691255
  </p>
</div>
`;
