// Jest Snapshot v1, https://goo.gl/fbAQLP

exports[`matches the previous snapshot with a multiple failure durations 1`] = `
<div
  className="testHistoryBar"
>
  <div
    style={
      Object {
        "left": NaN,
        "width": NaN,
      }
    }
  />
  <div
    style={
      Object {
        "left": NaN,
        "width": NaN,
      }
    }
  />
</div>
`;

exports[`matches the previous snapshot with a single failure duration 1`] = `
<div
  className="testHistoryBar"
>
  <div
    style={
      Object {
        "left": NaN,
        "width": NaN,
      }
    }
  />
</div>
`;

exports[`matches the previous snapshot with no data 1`] = `
<div
  className="testHistoryBar"
/>
`;
