// Jest Snapshot v1, https://goo.gl/fbAQLP

exports[`matches the previous snapshot 1`] = `
<div
  className="ct-chart"
  id="chart321"
/>
`;
